#
# A fatal error has been detected by the Java Runtime Environment:
#
#  EXCEPTION_ACCESS_VIOLATION (0xc0000005) at pc=0x00007ffa3849e16f, pid=7888, tid=9580
#
# JRE version: OpenJDK Runtime Environment (21.0.10) (build 21.0.10+-14961533-b1163.108)
# Java VM: OpenJDK 64-Bit Server VM (21.0.10+-14961533-b1163.108, mixed mode, tiered, compressed oops, compressed class ptrs, g1 gc, windows-amd64)
# Problematic frame:
# V  [jvm.dll+0x5ee16f]
#
# No core dump will be written. Minidumps are not enabled by default on client versions of Windows
#
# If you would like to submit a bug report, please visit:
#   https://youtrack.jetbrains.com/issues/JBR
#

---------------  S U M M A R Y ------------

Command Line: --add-opens=java.base/java.lang=ALL-UNNAMED --add-opens=java.base/java.lang.invoke=ALL-UNNAMED --add-opens=java.base/java.util=ALL-UNNAMED --add-opens=java.prefs/java.util.prefs=ALL-UNNAMED --add-exports=jdk.compiler/com.sun.tools.javac.api=ALL-UNNAMED --add-exports=jdk.compiler/com.sun.tools.javac.util=ALL-UNNAMED --add-opens=java.base/java.util=ALL-UNNAMED --add-opens=java.prefs/java.util.prefs=ALL-UNNAMED --add-opens=java.base/java.nio.charset=ALL-UNNAMED --add-opens=java.base/java.net=ALL-UNNAMED --add-opens=java.base/java.util.concurrent=ALL-UNNAMED --add-opens=java.base/java.util.concurrent.atomic=ALL-UNNAMED --add-opens=java.xml/javax.xml.namespace=ALL-UNNAMED --add-opens=java.base/java.time=ALL-UNNAMED -Xmx2048m -Dfile.encoding=UTF-8 -Duser.country=US -Duser.language=en -Duser.variant -javaagent:C:\Users\HP\.gradle\wrapper\dists\gradle-9.4.1-bin\arn2x92ynaizyzdaamcbpbhtj\gradle-9.4.1\lib\agents\gradle-instrumentation-agent-9.4.1.jar org.gradle.launcher.daemon.bootstrap.GradleDaemon 9.4.1

Host: Intel(R) Core(TM) i7-8565U CPU @ 1.80GHz, 8 cores, 15G,  Windows 11 , 64 bit Build 26100 (10.0.26100.4202)
Time: Mon Aug  3 12:51:25 2026 W. Central Africa Standard Time elapsed time: 13.968301 seconds (0d 0h 0m 13s)

---------------  T H R E A D  ---------------

Current thread (0x000002916d2e23e0):  JavaThread "C2 CompilerThread0" daemon [_thread_in_native, id=9580, stack(0x000000c405700000,0x000000c405800000) (1024K)]


Current CompileTask:
C2:13968 4793       4       java.lang.invoke.InvokerBytecodeGenerator::emitStaticInvoke (258 bytes)

Stack: [0x000000c405700000,0x000000c405800000],  sp=0x000000c4057fbea0,  free space=1007k
Native frames: (J=compiled Java code, j=interpreted, Vv=VM code, C=native code)
V  [jvm.dll+0x5ee16f]
V  [jvm.dll+0x615b0c]
V  [jvm.dll+0x616efa]
V  [jvm.dll+0x616914]
V  [jvm.dll+0x600af8]
V  [jvm.dll+0x252ce2]
V  [jvm.dll+0x25309f]
V  [jvm.dll+0x24b845]
V  [jvm.dll+0x24909e]
V  [jvm.dll+0x1c76e4]
V  [jvm.dll+0x25891e]
V  [jvm.dll+0x256e66]
V  [jvm.dll+0x3f513e]
V  [jvm.dll+0x80fd28]
V  [jvm.dll+0x6d60fd]
C  [ucrtbase.dll+0x37b0]
C  [KERNEL32.DLL+0x2e8d7]
C  [ntdll.dll+0x3c34c]


siginfo: EXCEPTION_ACCESS_VIOLATION (0xc0000005), reading address 0x00000291762c18b0


Registers:
RAX=0x0000029176016960, RBX=0x000000c4057fc2e0, RCX=0x000000c4057fc2e0, RDX=0x00000291762c1888
RSP=0x000000c4057fbea0, RBP=0x000000000000001e, RSI=0x000002917601d248, RDI=0x000002916daa3600
R8 =0x00000000000003c2, R9 =0x0000000000000004, R10=0x00000291764cf778, R11=0x000000c4057fbf08
R12=0x0000000000000002, R13=0x0000029172806808, R14=0x0000029176016960, R15=0x000002917601d248
RIP=0x00007ffa3849e16f, EFLAGS=0x0000000000010206

XMM[0]=0x0000000000000000 0x0000000000000000
XMM[1]=0x000002917635a828 0x000002917635b160
XMM[2]=0x000002917635b108 0x00000291772c7298
XMM[3]=0x0000000000000000 0x0000000000000000
XMM[4]=0x0000000000000000 0x0000000000000000
XMM[5]=0x0000029176d79538 0x0000029176d7b8d8
XMM[6]=0x0000000000000000 0x0000000000000000
XMM[7]=0x0000000000000000 0x0000000000000000
XMM[8]=0x0000000000000000 0x0000000000000000
XMM[9]=0x0000000000000000 0x0000000000000000
XMM[10]=0x0000000000000000 0x0000000000000000
XMM[11]=0x0000000000000000 0x0000000000000000
XMM[12]=0x0000000000000000 0x0000000000000000
XMM[13]=0x0000000000000000 0x0000000000000000
XMM[14]=0x0000000000000000 0x0000000000000000
XMM[15]=0x0000000000000000 0x0000000000000000
  MXCSR=0x00001fa0


Register to memory mapping:

RAX=0x0000029176016960 points into unknown readable memory: 0x00007ffa387f92f8 | f8 92 7f 38 fa 7f 00 00
RBX=0x000000c4057fc2e0 is pointing into the stack for thread: 0x000002916d2e23e0
RCX=0x000000c4057fc2e0 is pointing into the stack for thread: 0x000002916d2e23e0
RDX=0x00000291762c1888 is an unknown value
RSP=0x000000c4057fbea0 is pointing into the stack for thread: 0x000002916d2e23e0
RBP=0x000000000000001e is an unknown value
RSI=0x000002917601d248 points into unknown readable memory: 0x00007ffa387e4158 | 58 41 7e 38 fa 7f 00 00
RDI=0x000002916daa3600 points into unknown readable memory: 0x000002916daa3490 | 90 34 aa 6d 91 02 00 00
R8 =0x00000000000003c2 is an unknown value
R9 =0x0000000000000004 is an unknown value
R10=0x00000291764cf778 points into unknown readable memory: 0x0000000000000000 | 00 00 00 00 00 00 00 00
R11=0x000000c4057fbf08 is pointing into the stack for thread: 0x000002916d2e23e0
R12=0x0000000000000002 is an unknown value
R13=0x0000029172806808 points into unknown readable memory: 0x00007ffa38869be0 | e0 9b 86 38 fa 7f 00 00
R14=0x0000029176016960 points into unknown readable memory: 0x00007ffa387f92f8 | f8 92 7f 38 fa 7f 00 00
R15=0x000002917601d248 points into unknown readable memory: 0x00007ffa387e4158 | 58 41 7e 38 fa 7f 00 00

Top of Stack: (sp=0x000000c4057fbea0)
0x000000c4057fbea0:   0000029173606580 0000000000000010
0x000000c4057fbeb0:   000000c4057fc2e0 00007ffa384c30c7
0x000000c4057fbec0:   000002916daa3600 00007ffa384c5b0c
0x000000c4057fbed0:   000000c4057fc2e0 000002917601d248
0x000000c4057fbee0:   000000c4057fc2e0 0000000000000000
0x000000c4057fbef0:   000002917601d248 000000c4057fc2e0
0x000000c4057fbf00:   000002917601d248 000000c4057fc2e0
0x000000c4057fbf10:   000000c4057fc2e0 000002917601d248
0x000000c4057fbf20:   0000000000000113 00007ffa384c6efa
0x000000c4057fbf30:   000000000000001e 0000029172806808
0x000000c4057fbf40:   0000000000000002 0000000000000001
0x000000c4057fbf50:   0000000000000006 00007ffa384c6914
0x000000c4057fbf60:   000000c4057fc020 000000000000001e
0x000000c4057fbf70:   0000000000000003 0000029172806808
0x000000c4057fbf80:   0000000000000000 0000000000000000
0x000000c4057fbf90:   000000c4057fc2e0 0000029172806808
0x000000c4057fbfa0:   000000c4057fc0b0 00007ffa384b0af8
0x000000c4057fbfb0:   0000000000000000 000000c4057fc000
0x000000c4057fbfc0:   000002915596bf00 0000029174db8c98
0x000000c4057fbfd0:   000000c4057fc020 000000c4057fbfe0
0x000000c4057fbfe0:   000002916d27d4a0 0000029100000800
0x000000c4057fbff0:   000002916d5c97e0 0000029100000000
0x000000c4057fc000:   00007ffa00000100 0000029176838900
0x000000c4057fc010:   0000029100000100 000002916d27d4a0
0x000000c4057fc020:   0000029174624c30 000002917462bf00
0x000000c4057fc030:   00000291746235b0 000002916d27d4a0
0x000000c4057fc040:   000002916d27d4a0 000000c400000004
0x000000c4057fc050:   0000029175f08868 0000000000000000
0x000000c4057fc060:   0000000000000101 0000000000000000
0x000000c4057fc070:   0000000000000000 0000000000010010
0x000000c4057fc080:   0000000000000001 0000000000000000
0x000000c4057fc090:   0000000000000000 0000029153500000 

Instructions: (pc=0x00007ffa3849e16f)
0x00007ffa3849e06f:   e8 0c 03 26 00 48 8b 43 28 41 83 e6 1f 48 8d 14
0x00007ffa3849e07f:   a8 41 0f b6 ce 41 b8 01 00 00 00 41 d3 e0 8b 0a
0x00007ffa3849e08f:   8b c1 41 0b c0 89 02 41 85 c8 0f 85 83 00 00 00
0x00007ffa3849e09f:   8b 73 18 8d 46 01 89 43 18 3b 73 08 72 0a 8b d6
0x00007ffa3849e0af:   48 8b cb e8 79 60 0c 00 48 8b 43 10 4c 89 3c f0
0x00007ffa3849e0bf:   eb 61 44 8b 77 28 41 8b ee c1 ed 05 3b 6b 20 72
0x00007ffa3849e0cf:   0b 8b d5 48 8d 4b 20 e8 a5 02 26 00 48 8b 43 28
0x00007ffa3849e0df:   41 83 e6 1f 48 8d 14 a8 41 0f b6 ce 41 b8 01 00
0x00007ffa3849e0ef:   00 00 41 d3 e0 8b 0a 41 8b c0 0b c1 89 02 44 85
0x00007ffa3849e0ff:   c1 75 20 8b 73 18 8d 46 01 89 43 18 3b 73 08 72
0x00007ffa3849e10f:   0a 8b d6 48 8b cb e8 16 60 0c 00 48 8b 43 10 48
0x00007ffa3849e11f:   89 3c f0 48 8b 47 08 48 8b 08 48 8b 41 08 48 8b
0x00007ffa3849e12f:   38 48 85 ff 0f 85 a7 fe ff ff 4c 8b 74 24 60 48
0x00007ffa3849e13f:   8b 74 24 58 48 8b 6c 24 50 4c 8b 7c 24 20 48 83
0x00007ffa3849e14f:   c4 28 41 5d 41 5c 5f 5b c3 cc cc cc cc cc cc cc
0x00007ffa3849e15f:   cc 48 89 5c 24 08 48 89 74 24 10 57 48 83 ec 20
0x00007ffa3849e16f:   8b 7a 28 8b 51 20 3b fa 73 0a 48 8b 59 28 48 8b
0x00007ffa3849e17f:   1c fb eb 02 33 db 48 83 e3 fe 48 8b 43 08 48 83
0x00007ffa3849e18f:   38 00 75 35 8b 43 28 3b c2 73 0a 48 8b 59 28 48
0x00007ffa3849e19f:   8b 1c c3 eb 02 33 db 48 83 e3 fe 4c 8b cb 48 8b
0x00007ffa3849e1af:   43 08 4c 8b 00 4d 85 c0 74 da 8b 43 2c 49 8b d8
0x00007ffa3849e1bf:   83 e0 07 3c 05 49 0f 45 d9 48 8d 71 18 3b fa 72
0x00007ffa3849e1cf:   0a 8b d7 48 8b ce e8 56 5f 0c 00 48 8b 46 10 48
0x00007ffa3849e1df:   8d 53 01 48 8b 74 24 38 48 89 14 f8 48 8b c3 48
0x00007ffa3849e1ef:   8b 5c 24 30 48 83 c4 20 5f c3 cc cc cc cc cc cc
0x00007ffa3849e1ff:   cc 48 8b 41 08 33 d2 48 8b 00 8b 48 2c 81 e1 ff
0x00007ffa3849e20f:   01 00 00 81 f9 15 01 00 00 48 0f 45 c2 c3 cc cc
0x00007ffa3849e21f:   cc 8b 42 28 3b 41 20 73 11 8b d0 48 8b 41 28 48
0x00007ffa3849e22f:   8b 0c d0 80 e1 01 0f b6 c1 c3 33 c9 80 e1 01 0f
0x00007ffa3849e23f:   b6 c1 c3 cc cc cc cc cc cc cc cc cc cc cc cc cc
0x00007ffa3849e24f:   cc 8b 52 28 4c 8b c1 48 8b 81 c8 00 00 00 4c 8d
0x00007ffa3849e25f:   0c d0 48 8b 04 d0 48 8b 50 08 48 83 3a 00 75 24 


Stack slot to memory mapping:

stack at sp + 0 slots: 0x0000029173606580 points into unknown readable memory: 0x00007ffa387e4638 | 38 46 7e 38 fa 7f 00 00
stack at sp + 1 slots: 0x0000000000000010 is an unknown value
stack at sp + 2 slots: 0x000000c4057fc2e0 is pointing into the stack for thread: 0x000002916d2e23e0
stack at sp + 3 slots: 0x00007ffa384c30c7 jvm.dll
stack at sp + 4 slots: 0x000002916daa3600 points into unknown readable memory: 0x000002916daa3490 | 90 34 aa 6d 91 02 00 00
stack at sp + 5 slots: 0x00007ffa384c5b0c jvm.dll
stack at sp + 6 slots: 0x000000c4057fc2e0 is pointing into the stack for thread: 0x000002916d2e23e0
stack at sp + 7 slots: 0x000002917601d248 points into unknown readable memory: 0x00007ffa387e4158 | 58 41 7e 38 fa 7f 00 00


---------------  P R O C E S S  ---------------

Threads class SMR info:
_java_thread_list=0x00000291739d8120, length=42, elements={
0x0000029155969c40, 0x000002916d28eb40, 0x000002916d292540, 0x000002916d293b10,
0x000002916d29da90, 0x000002916d29e4f0, 0x000002916d29fac0, 0x000002916d2d8630,
0x000002916d2e23e0, 0x000002916d2c2d40, 0x000002916d5ae4f0, 0x0000029173a3f170,
0x0000029173a3f800, 0x0000029173a41240, 0x0000029173a3eae0, 0x0000029173a41f60,
0x0000029173a40520, 0x0000029173a40bb0, 0x0000029173a418d0, 0x0000029174195ac0,
0x0000029174192cd0, 0x0000029174196150, 0x0000029174193360, 0x00000291741967e0,
0x0000029174194080, 0x0000029174197b90, 0x00000291741988b0, 0x0000029174195430,
0x00000291741995d0, 0x0000029174199c60, 0x000002917419a2f0, 0x0000029176d545e0,
0x0000029176d52ba0, 0x0000029176d52510, 0x0000029176d53230, 0x0000029176d517f0,
0x0000029176d53f50, 0x0000029176d56020, 0x000002916da3da40, 0x0000029176d56d40,
0x0000029176d538c0, 0x0000029173189900
}

Java Threads: ( => current thread )
  0x0000029155969c40 JavaThread "main"                              [_thread_blocked, id=10880, stack(0x000000c404800000,0x000000c404900000) (1024K)]
  0x000002916d28eb40 JavaThread "Common-Cleaner"             daemon [_thread_blocked, id=20680, stack(0x000000c405000000,0x000000c405100000) (1024K)]
  0x000002916d292540 JavaThread "Reference Handler"          daemon [_thread_blocked, id=20684, stack(0x000000c405100000,0x000000c405200000) (1024K)]
  0x000002916d293b10 JavaThread "Finalizer"                  daemon [_thread_blocked, id=20688, stack(0x000000c405200000,0x000000c405300000) (1024K)]
  0x000002916d29da90 JavaThread "Signal Dispatcher"          daemon [_thread_blocked, id=20692, stack(0x000000c405300000,0x000000c405400000) (1024K)]
  0x000002916d29e4f0 JavaThread "Attach Listener"            daemon [_thread_blocked, id=20708, stack(0x000000c405400000,0x000000c405500000) (1024K)]
  0x000002916d29fac0 JavaThread "Service Thread"             daemon [_thread_blocked, id=20716, stack(0x000000c405500000,0x000000c405600000) (1024K)]
  0x000002916d2d8630 JavaThread "Monitor Deflation Thread"   daemon [_thread_blocked, id=20640, stack(0x000000c405600000,0x000000c405700000) (1024K)]
=>0x000002916d2e23e0 JavaThread "C2 CompilerThread0"         daemon [_thread_in_native, id=9580, stack(0x000000c405700000,0x000000c405800000) (1024K)]
  0x000002916d2c2d40 JavaThread "C1 CompilerThread0"         daemon [_thread_blocked, id=6416, stack(0x000000c405800000,0x000000c405900000) (1024K)]
  0x000002916d5ae4f0 JavaThread "Notification Thread"        daemon [_thread_blocked, id=20024, stack(0x000000c405900000,0x000000c405a00000) (1024K)]
  0x0000029173a3f170 JavaThread "Daemon health stats"               [_thread_blocked, id=19768, stack(0x000000c405a00000,0x000000c405b00000) (1024K)]
  0x0000029173a3f800 JavaThread "Incoming local TCP Connector on port 65329"        [_thread_in_native, id=20520, stack(0x000000c406100000,0x000000c406200000) (1024K)]
  0x0000029173a41240 JavaThread "Daemon periodic checks"            [_thread_blocked, id=20532, stack(0x000000c406200000,0x000000c406300000) (1024K)]
  0x0000029173a3eae0 JavaThread "Daemon"                            [_thread_blocked, id=20720, stack(0x000000c406300000,0x000000c406400000) (1024K)]
  0x0000029173a41f60 JavaThread "Handler for socket connection from /127.0.0.1:65329 to /127.0.0.1:65330"        [_thread_in_native, id=20724, stack(0x000000c406400000,0x000000c406500000) (1024K)]
  0x0000029173a40520 JavaThread "Cancel handler"                    [_thread_blocked, id=20744, stack(0x000000c406000000,0x000000c406100000) (1024K)]
  0x0000029173a40bb0 JavaThread "Daemon worker"                     [_thread_in_vm, id=20748, stack(0x000000c406800000,0x000000c406900000) (1024K)]
  0x0000029173a418d0 JavaThread "Asynchronous log dispatcher for DefaultDaemonConnection: socket connection from /127.0.0.1:65329 to /127.0.0.1:65330"        [_thread_blocked, id=20764, stack(0x000000c406900000,0x000000c406a00000) (1024K)]
  0x0000029174195ac0 JavaThread "Stdin handler"                     [_thread_blocked, id=20596, stack(0x000000c406a00000,0x000000c406b00000) (1024K)]
  0x0000029174192cd0 JavaThread "Daemon client event forwarder"        [_thread_blocked, id=10388, stack(0x000000c406b00000,0x000000c406c00000) (1024K)]
  0x0000029174196150 JavaThread "Cache worker for journal cache (C:\Users\HP\.gradle\caches\journal-1)"        [_thread_blocked, id=20468, stack(0x000000c406d00000,0x000000c406e00000) (1024K)]
  0x0000029174193360 JavaThread "File lock request listener"        [_thread_in_native, id=10384, stack(0x000000c406e00000,0x000000c406f00000) (1024K)]
  0x00000291741967e0 JavaThread "Cache worker for file hash cache (C:\Users\HP\.gradle\caches\9.4.1\fileHashes)"        [_thread_blocked, id=19628, stack(0x000000c406f00000,0x000000c407000000) (1024K)]
  0x0000029174194080 JavaThread "Cache worker for file hash cache (C:\Users\HP\AndroidStudioProjects\FlagQuizGame\.gradle\9.4.1\fileHashes)"        [_thread_blocked, id=20780, stack(0x000000c407000000,0x000000c407100000) (1024K)]
  0x0000029174197b90 JavaThread "Cache worker for Build Output Cleanup Cache (C:\Users\HP\AndroidStudioProjects\FlagQuizGame\.gradle\buildOutputCleanup)"        [_thread_blocked, id=20808, stack(0x000000c407100000,0x000000c407200000) (1024K)]
  0x00000291741988b0 JavaThread "File watcher server"        daemon [_thread_in_native, id=20840, stack(0x000000c406c00000,0x000000c406d00000) (1024K)]
  0x0000029174195430 JavaThread "File watcher consumer"      daemon [_thread_blocked, id=20844, stack(0x000000c407200000,0x000000c407300000) (1024K)]
  0x00000291741995d0 JavaThread "jar transforms"                    [_thread_blocked, id=20868, stack(0x000000c407400000,0x000000c407500000) (1024K)]
  0x0000029174199c60 JavaThread "jar transforms Thread 2"           [_thread_blocked, id=20876, stack(0x000000c407500000,0x000000c407600000) (1024K)]
  0x000002917419a2f0 JavaThread "jar transforms Thread 3"           [_thread_blocked, id=13532, stack(0x000000c407600000,0x000000c407700000) (1024K)]
  0x0000029176d545e0 JavaThread "jar transforms Thread 4"           [_thread_blocked, id=2920, stack(0x000000c407700000,0x000000c407800000) (1024K)]
  0x0000029176d52ba0 JavaThread "jar transforms Thread 5"           [_thread_blocked, id=204, stack(0x000000c407800000,0x000000c407900000) (1024K)]
  0x0000029176d52510 JavaThread "jar transforms Thread 6"           [_thread_blocked, id=18268, stack(0x000000c407900000,0x000000c407a00000) (1024K)]
  0x0000029176d53230 JavaThread "jar transforms Thread 7"           [_thread_blocked, id=19124, stack(0x000000c407a00000,0x000000c407b00000) (1024K)]
  0x0000029176d517f0 JavaThread "jar transforms Thread 8"           [_thread_blocked, id=20548, stack(0x000000c407b00000,0x000000c407c00000) (1024K)]
  0x0000029176d53f50 JavaThread "Cache worker for file content cache (C:\Users\HP\.gradle\caches\9.4.1\fileContent)"        [_thread_blocked, id=16660, stack(0x000000c407c00000,0x000000c407d00000) (1024K)]
  0x0000029176d56020 JavaThread "Cache worker for checksums cache (C:\Users\HP\AndroidStudioProjects\FlagQuizGame\.gradle\9.4.1\checksums)"        [_thread_blocked, id=5936, stack(0x000000c407300000,0x000000c407400000) (1024K)]
  0x000002916da3da40 JavaThread "C2 CompilerThread1"         daemon [_thread_in_native, id=6100, stack(0x000000c407d00000,0x000000c407e00000) (1024K)]
  0x0000029176d56d40 JavaThread "Cache worker for cache directory md-supplier (C:\Users\HP\.gradle\caches\9.4.1\md-supplier)"        [_thread_blocked, id=17564, stack(0x000000c407e00000,0x000000c407f00000) (1024K)]
  0x0000029176d538c0 JavaThread "Cache worker for cache directory md-rule (C:\Users\HP\.gradle\caches\9.4.1\md-rule)"        [_thread_blocked, id=4440, stack(0x000000c407f00000,0x000000c408000000) (1024K)]
  0x0000029173189900 JavaThread "C2 CompilerThread2"         daemon [_thread_in_native, id=20772, stack(0x000000c408000000,0x000000c408100000) (1024K)]
Total: 42

Other Threads:
  0x000002916d23dc70 VMThread "VM Thread"                           [id=20676, stack(0x000000c404f00000,0x000000c405000000) (1024K)]
  0x000002916d07bc50 WatcherThread "VM Periodic Task Thread"        [id=20668, stack(0x000000c404e00000,0x000000c404f00000) (1024K)]
  0x00000291559c2eb0 WorkerThread "GC Thread#0"                     [id=5020, stack(0x000000c404900000,0x000000c404a00000) (1024K)]
  0x000002917230b3a0 WorkerThread "GC Thread#1"                     [id=17152, stack(0x000000c405b00000,0x000000c405c00000) (1024K)]
  0x000002917230b750 WorkerThread "GC Thread#2"                     [id=13704, stack(0x000000c405c00000,0x000000c405d00000) (1024K)]
  0x00000291720e1560 WorkerThread "GC Thread#3"                     [id=12860, stack(0x000000c405d00000,0x000000c405e00000) (1024K)]
  0x00000291720e1910 WorkerThread "GC Thread#4"                     [id=152, stack(0x000000c405e00000,0x000000c405f00000) (1024K)]
  0x000002917230bb00 WorkerThread "GC Thread#5"                     [id=2544, stack(0x000000c405f00000,0x000000c406000000) (1024K)]
  0x0000029172f1b510 WorkerThread "GC Thread#6"                     [id=20728, stack(0x000000c406500000,0x000000c406600000) (1024K)]
  0x0000029172f1adb0 WorkerThread "GC Thread#7"                     [id=20732, stack(0x000000c406600000,0x000000c406700000) (1024K)]
  0x00000291559d3f10 ConcurrentGCThread "G1 Main Marker"            [id=16196, stack(0x000000c404a00000,0x000000c404b00000) (1024K)]
  0x00000291559d64c0 WorkerThread "G1 Conc#0"                       [id=17192, stack(0x000000c404b00000,0x000000c404c00000) (1024K)]
  0x0000029172f1aa00 WorkerThread "G1 Conc#1"                       [id=20740, stack(0x000000c406700000,0x000000c406800000) (1024K)]
  0x000002916cf4f690 ConcurrentGCThread "G1 Refine#0"               [id=20672, stack(0x000000c404c00000,0x000000c404d00000) (1024K)]
  0x000002916cf4fbd0 ConcurrentGCThread "G1 Service"                [id=20664, stack(0x000000c404d00000,0x000000c404e00000) (1024K)]
Total: 15

Threads with active compile tasks:
C2 CompilerThread0  14126 4793       4       java.lang.invoke.InvokerBytecodeGenerator::emitStaticInvoke (258 bytes)
C2 CompilerThread1  14126 4857       4       java.lang.ClassLoader::getDefinedPackage (36 bytes)
C2 CompilerThread2  14126 4788   !   4       jdk.internal.loader.BuiltinClassLoader::loadClassOrNull (143 bytes)
Total: 3

VM state: not at safepoint (normal execution)

VM Mutex/Monitor currently owned by a thread: None

Heap address: 0x0000000080000000, size: 2048 MB, Compressed Oops mode: 32-bit

CDS archive(s) not mapped
Compressed class space mapped at: 0x0000000100000000-0x0000000140000000, reserved size: 1073741824
Narrow klass base: 0x0000000000000000, Narrow klass shift: 3, Narrow klass range: 0x140000000

GC Precious Log:
 CardTable entry size: 512
 Card Set container configuration: InlinePtr #cards 5 size 8 Array Of Cards #cards 12 size 40 Howl #buckets 4 coarsen threshold 1843 Howl Bitmap #cards 512 size 80 coarsen threshold 460 Card regions per heap region 1 cards per card region 2048
 CPUs: 8 total, 8 available
 Memory: 16198M
 Large Page Support: Disabled
 NUMA Support: Disabled
 Compressed Oops: Enabled (32-bit)
 Heap Region Size: 1M
 Heap Min Capacity: 8M
 Heap Initial Capacity: 254M
 Heap Max Capacity: 2G
 Pre-touch: Disabled
 Parallel Workers: 8
 Concurrent Workers: 2
 Concurrent Refinement Workers: 8
 Periodic GC: Disabled

Heap:
 garbage-first heap   total 92160K, used 64305K [0x0000000080000000, 0x0000000100000000)
  region size 1024K, 11 young (11264K), 4 survivors (4096K)
 Metaspace       used 53383K, committed 54912K, reserved 1114112K
  class space    used 7466K, committed 8192K, reserved 1048576K

Heap Regions: E=young(eden), S=young(survivor), O=old, HS=humongous(starts), HC=humongous(continues), CS=collection set, F=free, TAMS=top-at-mark-start, PB=parsable bottom
|   0|0x0000000080000000, 0x0000000080100000, 0x0000000080100000|100%|HS|  |TAMS 0x0000000080000000| PB 0x0000000080000000| Complete 
|   1|0x0000000080100000, 0x0000000080200000, 0x0000000080200000|100%|HC|  |TAMS 0x0000000080100000| PB 0x0000000080100000| Complete 
|   2|0x0000000080200000, 0x0000000080300000, 0x0000000080300000|100%|HC|  |TAMS 0x0000000080200000| PB 0x0000000080200000| Complete 
|   3|0x0000000080300000, 0x0000000080400000, 0x0000000080400000|100%|HC|  |TAMS 0x0000000080300000| PB 0x0000000080300000| Complete 
|   4|0x0000000080400000, 0x0000000080500000, 0x0000000080500000|100%| O|  |TAMS 0x0000000080400000| PB 0x0000000080400000| Untracked 
|   5|0x0000000080500000, 0x0000000080600000, 0x0000000080600000|100%| O|  |TAMS 0x0000000080500000| PB 0x0000000080500000| Untracked 
|   6|0x0000000080600000, 0x0000000080700000, 0x0000000080700000|100%| O|  |TAMS 0x0000000080600000| PB 0x0000000080600000| Untracked 
|   7|0x0000000080700000, 0x0000000080800000, 0x0000000080800000|100%| O|  |TAMS 0x0000000080700000| PB 0x0000000080700000| Untracked 
|   8|0x0000000080800000, 0x0000000080900000, 0x0000000080900000|100%| O|  |TAMS 0x0000000080800000| PB 0x0000000080800000| Untracked 
|   9|0x0000000080900000, 0x0000000080a00000, 0x0000000080a00000|100%| O|  |TAMS 0x0000000080900000| PB 0x0000000080900000| Untracked 
|  10|0x0000000080a00000, 0x0000000080b00000, 0x0000000080b00000|100%| O|  |TAMS 0x0000000080a00000| PB 0x0000000080a00000| Untracked 
|  11|0x0000000080b00000, 0x0000000080c00000, 0x0000000080c00000|100%|HS|  |TAMS 0x0000000080b00000| PB 0x0000000080b00000| Complete 
|  12|0x0000000080c00000, 0x0000000080d00000, 0x0000000080d00000|100%| O|  |TAMS 0x0000000080c00000| PB 0x0000000080c00000| Untracked 
|  13|0x0000000080d00000, 0x0000000080e00000, 0x0000000080e00000|100%| O|  |TAMS 0x0000000080d00000| PB 0x0000000080d00000| Untracked 
|  14|0x0000000080e00000, 0x0000000080f00000, 0x0000000080f00000|100%| O|  |TAMS 0x0000000080e00000| PB 0x0000000080e00000| Untracked 
|  15|0x0000000080f00000, 0x0000000081000000, 0x0000000081000000|100%| O|  |TAMS 0x0000000080f00000| PB 0x0000000080f00000| Untracked 
|  16|0x0000000081000000, 0x0000000081100000, 0x0000000081100000|100%| O|  |TAMS 0x0000000081000000| PB 0x0000000081000000| Untracked 
|  17|0x0000000081100000, 0x0000000081200000, 0x0000000081200000|100%| O|  |TAMS 0x0000000081100000| PB 0x0000000081100000| Untracked 
|  18|0x0000000081200000, 0x0000000081300000, 0x0000000081300000|100%| O|  |TAMS 0x0000000081200000| PB 0x0000000081200000| Untracked 
|  19|0x0000000081300000, 0x0000000081400000, 0x0000000081400000|100%| O|  |TAMS 0x0000000081300000| PB 0x0000000081300000| Untracked 
|  20|0x0000000081400000, 0x0000000081500000, 0x0000000081500000|100%| O|  |TAMS 0x0000000081400000| PB 0x0000000081400000| Untracked 
|  21|0x0000000081500000, 0x0000000081600000, 0x0000000081600000|100%| O|  |TAMS 0x0000000081500000| PB 0x0000000081500000| Untracked 
|  22|0x0000000081600000, 0x0000000081700000, 0x0000000081700000|100%|HS|  |TAMS 0x0000000081600000| PB 0x0000000081600000| Complete 
|  23|0x0000000081700000, 0x0000000081800000, 0x0000000081800000|100%|HC|  |TAMS 0x0000000081700000| PB 0x0000000081700000| Complete 
|  24|0x0000000081800000, 0x0000000081900000, 0x0000000081900000|100%|HC|  |TAMS 0x0000000081800000| PB 0x0000000081800000| Complete 
|  25|0x0000000081900000, 0x0000000081a00000, 0x0000000081a00000|100%|HC|  |TAMS 0x0000000081900000| PB 0x0000000081900000| Complete 
|  26|0x0000000081a00000, 0x0000000081b00000, 0x0000000081b00000|100%|HC|  |TAMS 0x0000000081a00000| PB 0x0000000081a00000| Complete 
|  27|0x0000000081b00000, 0x0000000081c00000, 0x0000000081c00000|100%|HC|  |TAMS 0x0000000081b00000| PB 0x0000000081b00000| Complete 
|  28|0x0000000081c00000, 0x0000000081d00000, 0x0000000081d00000|100%|HS|  |TAMS 0x0000000081c00000| PB 0x0000000081c00000| Complete 
|  29|0x0000000081d00000, 0x0000000081e00000, 0x0000000081e00000|100%|HS|  |TAMS 0x0000000081d00000| PB 0x0000000081d00000| Complete 
|  30|0x0000000081e00000, 0x0000000081f00000, 0x0000000081f00000|100%| O|  |TAMS 0x0000000081e00000| PB 0x0000000081e00000| Untracked 
|  31|0x0000000081f00000, 0x0000000082000000, 0x0000000082000000|100%| O|  |TAMS 0x0000000081f00000| PB 0x0000000081f00000| Untracked 
|  32|0x0000000082000000, 0x0000000082100000, 0x0000000082100000|100%|HS|  |TAMS 0x0000000082000000| PB 0x0000000082000000| Complete 
|  33|0x0000000082100000, 0x0000000082200000, 0x0000000082200000|100%|HC|  |TAMS 0x0000000082100000| PB 0x0000000082100000| Complete 
|  34|0x0000000082200000, 0x0000000082300000, 0x0000000082300000|100%|HC|  |TAMS 0x0000000082200000| PB 0x0000000082200000| Complete 
|  35|0x0000000082300000, 0x0000000082400000, 0x0000000082400000|100%|HC|  |TAMS 0x0000000082300000| PB 0x0000000082300000| Complete 
|  36|0x0000000082400000, 0x0000000082500000, 0x0000000082500000|100%|HC|  |TAMS 0x0000000082400000| PB 0x0000000082400000| Complete 
|  37|0x0000000082500000, 0x0000000082600000, 0x0000000082600000|100%|HC|  |TAMS 0x0000000082500000| PB 0x0000000082500000| Complete 
|  38|0x0000000082600000, 0x0000000082700000, 0x0000000082700000|100%|HS|  |TAMS 0x0000000082600000| PB 0x0000000082600000| Complete 
|  39|0x0000000082700000, 0x0000000082800000, 0x0000000082800000|100%|HS|  |TAMS 0x0000000082700000| PB 0x0000000082700000| Complete 
|  40|0x0000000082800000, 0x0000000082900000, 0x0000000082900000|100%| O|  |TAMS 0x0000000082800000| PB 0x0000000082800000| Untracked 
|  41|0x0000000082900000, 0x0000000082a00000, 0x0000000082a00000|100%| O|  |TAMS 0x0000000082900000| PB 0x0000000082900000| Untracked 
|  42|0x0000000082a00000, 0x0000000082acc530, 0x0000000082b00000| 79%| O|  |TAMS 0x0000000082a00000| PB 0x0000000082a00000| Untracked 
|  43|0x0000000082b00000, 0x0000000082c00000, 0x0000000082c00000|100%| O|  |TAMS 0x0000000082b00000| PB 0x0000000082b00000| Untracked 
|  44|0x0000000082c00000, 0x0000000082c00000, 0x0000000082d00000|  0%| F|  |TAMS 0x0000000082c00000| PB 0x0000000082c00000| Untracked 
|  45|0x0000000082d00000, 0x0000000082d00000, 0x0000000082e00000|  0%| F|  |TAMS 0x0000000082d00000| PB 0x0000000082d00000| Untracked 
|  46|0x0000000082e00000, 0x0000000082e00000, 0x0000000082f00000|  0%| F|  |TAMS 0x0000000082e00000| PB 0x0000000082e00000| Untracked 
|  47|0x0000000082f00000, 0x0000000082f00000, 0x0000000083000000|  0%| F|  |TAMS 0x0000000082f00000| PB 0x0000000082f00000| Untracked 
|  48|0x0000000083000000, 0x0000000083100000, 0x0000000083100000|100%| S|CS|TAMS 0x0000000083000000| PB 0x0000000083000000| Complete 
|  49|0x0000000083100000, 0x0000000083200000, 0x0000000083200000|100%| S|CS|TAMS 0x0000000083100000| PB 0x0000000083100000| Complete 
|  50|0x0000000083200000, 0x0000000083300000, 0x0000000083300000|100%| S|CS|TAMS 0x0000000083200000| PB 0x0000000083200000| Complete 
|  51|0x0000000083300000, 0x0000000083400000, 0x0000000083400000|100%| S|CS|TAMS 0x0000000083300000| PB 0x0000000083300000| Complete 
|  52|0x0000000083400000, 0x0000000083400000, 0x0000000083500000|  0%| F|  |TAMS 0x0000000083400000| PB 0x0000000083400000| Untracked 
|  53|0x0000000083500000, 0x0000000083500000, 0x0000000083600000|  0%| F|  |TAMS 0x0000000083500000| PB 0x0000000083500000| Untracked 
|  54|0x0000000083600000, 0x0000000083600000, 0x0000000083700000|  0%| F|  |TAMS 0x0000000083600000| PB 0x0000000083600000| Untracked 
|  55|0x0000000083700000, 0x0000000083700000, 0x0000000083800000|  0%| F|  |TAMS 0x0000000083700000| PB 0x0000000083700000| Untracked 
|  56|0x0000000083800000, 0x0000000083800000, 0x0000000083900000|  0%| F|  |TAMS 0x0000000083800000| PB 0x0000000083800000| Untracked 
|  57|0x0000000083900000, 0x0000000083900000, 0x0000000083a00000|  0%| F|  |TAMS 0x0000000083900000| PB 0x0000000083900000| Untracked 
|  58|0x0000000083a00000, 0x0000000083a00000, 0x0000000083b00000|  0%| F|  |TAMS 0x0000000083a00000| PB 0x0000000083a00000| Untracked 
|  59|0x0000000083b00000, 0x0000000083b00000, 0x0000000083c00000|  0%| F|  |TAMS 0x0000000083b00000| PB 0x0000000083b00000| Untracked 
|  60|0x0000000083c00000, 0x0000000083c00000, 0x0000000083d00000|  0%| F|  |TAMS 0x0000000083c00000| PB 0x0000000083c00000| Untracked 
|  61|0x0000000083d00000, 0x0000000083d00000, 0x0000000083e00000|  0%| F|  |TAMS 0x0000000083d00000| PB 0x0000000083d00000| Untracked 
|  62|0x0000000083e00000, 0x0000000083e00000, 0x0000000083f00000|  0%| F|  |TAMS 0x0000000083e00000| PB 0x0000000083e00000| Untracked 
|  63|0x0000000083f00000, 0x0000000083f00000, 0x0000000084000000|  0%| F|  |TAMS 0x0000000083f00000| PB 0x0000000083f00000| Untracked 
|  64|0x0000000084000000, 0x0000000084000000, 0x0000000084100000|  0%| F|  |TAMS 0x0000000084000000| PB 0x0000000084000000| Untracked 
|  65|0x0000000084100000, 0x0000000084100000, 0x0000000084200000|  0%| F|  |TAMS 0x0000000084100000| PB 0x0000000084100000| Untracked 
|  66|0x0000000084200000, 0x0000000084200000, 0x0000000084300000|  0%| F|  |TAMS 0x0000000084200000| PB 0x0000000084200000| Untracked 
|  67|0x0000000084300000, 0x0000000084300000, 0x0000000084400000|  0%| F|  |TAMS 0x0000000084300000| PB 0x0000000084300000| Untracked 
|  68|0x0000000084400000, 0x0000000084400000, 0x0000000084500000|  0%| F|  |TAMS 0x0000000084400000| PB 0x0000000084400000| Untracked 
|  69|0x0000000084500000, 0x0000000084500000, 0x0000000084600000|  0%| F|  |TAMS 0x0000000084500000| PB 0x0000000084500000| Untracked 
| 194|0x000000008c200000, 0x000000008c200000, 0x000000008c300000|  0%| F|  |TAMS 0x000000008c200000| PB 0x000000008c200000| Untracked 
| 195|0x000000008c300000, 0x000000008c300000, 0x000000008c400000|  0%| F|  |TAMS 0x000000008c300000| PB 0x000000008c300000| Untracked 
| 196|0x000000008c400000, 0x000000008c400000, 0x000000008c500000|  0%| F|  |TAMS 0x000000008c400000| PB 0x000000008c400000| Untracked 
| 197|0x000000008c500000, 0x000000008c574298, 0x000000008c600000| 45%| E|  |TAMS 0x000000008c500000| PB 0x000000008c500000| Complete 
| 198|0x000000008c600000, 0x000000008c700000, 0x000000008c700000|100%| E|CS|TAMS 0x000000008c600000| PB 0x000000008c600000| Complete 
| 199|0x000000008c700000, 0x000000008c800000, 0x000000008c800000|100%| E|CS|TAMS 0x000000008c700000| PB 0x000000008c700000| Complete 
| 200|0x000000008c800000, 0x000000008c900000, 0x000000008c900000|100%| E|CS|TAMS 0x000000008c800000| PB 0x000000008c800000| Complete 
| 201|0x000000008c900000, 0x000000008ca00000, 0x000000008ca00000|100%| E|CS|TAMS 0x000000008c900000| PB 0x000000008c900000| Complete 
| 202|0x000000008ca00000, 0x000000008cb00000, 0x000000008cb00000|100%| E|CS|TAMS 0x000000008ca00000| PB 0x000000008ca00000| Complete 
| 253|0x000000008fd00000, 0x000000008fe00000, 0x000000008fe00000|100%| E|CS|TAMS 0x000000008fd00000| PB 0x000000008fd00000| Complete 
|2038|0x00000000ff600000, 0x00000000ff700000, 0x00000000ff700000|100%| O|  |TAMS 0x00000000ff600000| PB 0x00000000ff600000| Untracked 
|2039|0x00000000ff700000, 0x00000000ff800000, 0x00000000ff800000|100%| O|  |TAMS 0x00000000ff700000| PB 0x00000000ff700000| Untracked 
|2040|0x00000000ff800000, 0x00000000ff900000, 0x00000000ff900000|100%| O|  |TAMS 0x00000000ff800000| PB 0x00000000ff800000| Untracked 
|2041|0x00000000ff900000, 0x00000000ffa00000, 0x00000000ffa00000|100%| O|  |TAMS 0x00000000ff900000| PB 0x00000000ff900000| Untracked 
|2042|0x00000000ffa00000, 0x00000000ffb00000, 0x00000000ffb00000|100%| E|CS|TAMS 0x00000000ffa00000| PB 0x00000000ffa00000| Complete 
|2043|0x00000000ffb00000, 0x00000000ffc00000, 0x00000000ffc00000|100%| O|  |TAMS 0x00000000ffb00000| PB 0x00000000ffb00000| Untracked 
|2044|0x00000000ffc00000, 0x00000000ffd00000, 0x00000000ffd00000|100%| O|  |TAMS 0x00000000ffc00000| PB 0x00000000ffc00000| Untracked 
|2045|0x00000000ffd00000, 0x00000000ffe00000, 0x00000000ffe00000|100%| O|  |TAMS 0x00000000ffd00000| PB 0x00000000ffd00000| Untracked 
|2046|0x00000000ffe00000, 0x00000000fff00000, 0x00000000fff00000|100%| O|  |TAMS 0x00000000ffe00000| PB 0x00000000ffe00000| Untracked 
|2047|0x00000000fff00000, 0x0000000100000000, 0x0000000100000000|100%| O|  |TAMS 0x00000000fff00000| PB 0x00000000fff00000| Untracked 

Card table byte_map: [0x0000029168200000,0x0000029168600000] _byte_map_base: 0x0000029167e00000

Marking Bits: (CMBitMap*) 0x00000291559c34d0
 Bits: [0x0000029168600000, 0x000002916a600000)

Polling page: 0x00000291537d0000

Metaspace:

Usage:
  Non-class:     44.86 MB used.
      Class:      7.29 MB used.
       Both:     52.15 MB used.

Virtual space:
  Non-class space:       64.00 MB reserved,      45.62 MB ( 71%) committed,  1 nodes.
      Class space:        1.00 GB reserved,       8.00 MB ( <1%) committed,  1 nodes.
             Both:        1.06 GB reserved,      53.62 MB (  5%) committed. 

Chunk freelists:
   Non-Class:  1.88 MB
       Class:  8.00 MB
        Both:  9.88 MB

MaxMetaspaceSize: unlimited
CompressedClassSpaceSize: 1.00 GB
Initial GC threshold: 21.00 MB
Current GC threshold: 75.88 MB
CDS: off
 - commit_granule_bytes: 65536.
 - commit_granule_words: 8192.
 - virtual_space_node_default_size: 8388608.
 - enlarge_chunks_in_place: 1.
 - use_allocation_guard: 0.


Internal statistics:

num_allocs_failed_limit: 6.
num_arena_births: 2876.
num_arena_deaths: 0.
num_vsnodes_births: 2.
num_vsnodes_deaths: 0.
num_space_committed: 858.
num_space_uncommitted: 0.
num_chunks_returned_to_freelist: 6.
num_chunks_taken_from_freelist: 4984.
num_chunk_merges: 3.
num_chunk_splits: 3210.
num_chunks_enlarged: 1958.
num_inconsistent_stats: 0.

CodeHeap 'non-profiled nmethods': size=120000Kb used=2766Kb max_used=2766Kb free=117233Kb
 bounds [0x00000291605a0000, 0x0000029160860000, 0x0000029167ad0000]
CodeHeap 'profiled nmethods': size=120000Kb used=8370Kb max_used=8370Kb free=111629Kb
 bounds [0x0000029158ad0000, 0x0000029159300000, 0x0000029160000000]
CodeHeap 'non-nmethods': size=5760Kb used=1821Kb max_used=1889Kb free=3938Kb
 bounds [0x0000029160000000, 0x0000029160270000, 0x00000291605a0000]
CodeCache: size=245760Kb, used=12957Kb, max_used=13025Kb, free=232800Kb
 total_blobs=5054, nmethods=4337, adapters=620, full_count=0
Compilation: enabled, stopped_count=0, restarted_count=0

Compilation events (20 events):
Event: 13.871 Thread 0x000002916d2c2d40 nmethod 4790 0x00000291592d2e90 code [0x00000291592d3040, 0x00000291592d31d8]
Event: 13.873 Thread 0x000002916d2e23e0 nmethod 4789 0x000002916083a290 code [0x000002916083a4c0, 0x000002916083afb8]
Event: 13.875 Thread 0x000002916da3da40 4791       4       java.util.Collections$1::next (25 bytes)
Event: 13.875 Thread 0x000002916d2e23e0 4792       4       java.util.Collections$SingletonList::iterator (8 bytes)
Event: 13.876 Thread 0x000002916da3da40 nmethod 4791 0x000002916083b490 code [0x000002916083b620, 0x000002916083b6d0]
Event: 13.876 Thread 0x000002916d2e23e0 nmethod 4792 0x000002916083b790 code [0x000002916083b920, 0x000002916083ba18]
Event: 13.880 Thread 0x000002916d2e23e0 4793       4       java.lang.invoke.InvokerBytecodeGenerator::emitStaticInvoke (258 bytes)
Event: 13.885 Thread 0x000002916da3da40 4794   !   4       sun.instrument.TransformerManager::transform (100 bytes)
Event: 13.893 Thread 0x000002916da3da40 nmethod 4794 0x000002916083bb10 code [0x000002916083bcc0, 0x000002916083bfe0]
Event: 13.893 Thread 0x000002916da3da40 4795       4       java.lang.instrument.ClassFileTransformer::transform (15 bytes)
Event: 13.895 Thread 0x000002916da3da40 nmethod 4795 0x000002916083c290 code [0x000002916083c420, 0x000002916083c570]
Event: 13.895 Thread 0x000002916da3da40 4796       4       sun.instrument.InstrumentationImpl::transform (73 bytes)
Event: 13.914 Thread 0x000002916da3da40 nmethod 4796 0x000002916083c690 code [0x000002916083c840, 0x000002916083cc78]
Event: 13.914 Thread 0x000002916da3da40 4797       4       java.util.zip.ZipFile$InflaterCleanupAction::run (12 bytes)
Event: 13.926 Thread 0x000002916da3da40 nmethod 4797 0x000002916083d090 code [0x000002916083d280, 0x000002916083dcb0]
Event: 13.926 Thread 0x000002916da3da40 4798       4       jdk.internal.loader.BuiltinClassLoader::findLoadedModule (33 bytes)
Event: 13.937 Thread 0x000002916d2c2d40 4800       3       org.gradle.model.internal.asm.MethodVisitorScope::_PUTFIELD (11 bytes)
Event: 13.938 Thread 0x000002916d2c2d40 nmethod 4800 0x00000291592d3290 code [0x00000291592d3480, 0x00000291592d3850]
Event: 13.938 Thread 0x000002916d2c2d40 4801       3       org.gradle.model.internal.asm.MethodVisitorScope::_GETFIELD (11 bytes)
Event: 13.939 Thread 0x000002916d2c2d40 nmethod 4801 0x00000291592d3a10 code [0x00000291592d3c00, 0x00000291592d3fd0]

GC Heap History (20 events):
Event: 2.215 GC heap before
{Heap before GC invocations=1 (full 0):
 garbage-first heap   total 260096K, used 39221K [0x0000000080000000, 0x0000000100000000)
  region size 1024K, 31 young (31744K), 3 survivors (3072K)
 Metaspace       used 12832K, committed 12992K, reserved 1114112K
  class space    used 1408K, committed 1472K, reserved 1048576K
}
Event: 2.221 GC heap after
{Heap after GC invocations=2 (full 0):
 garbage-first heap   total 260096K, used 12068K [0x0000000080000000, 0x0000000100000000)
  region size 1024K, 2 young (2048K), 2 survivors (2048K)
 Metaspace       used 12832K, committed 12992K, reserved 1114112K
  class space    used 1408K, committed 1472K, reserved 1048576K
}
Event: 5.135 GC heap before
{Heap before GC invocations=2 (full 0):
 garbage-first heap   total 260096K, used 63268K [0x0000000080000000, 0x0000000100000000)
  region size 1024K, 51 young (52224K), 2 survivors (2048K)
 Metaspace       used 21230K, committed 21504K, reserved 1114112K
  class space    used 2488K, committed 2624K, reserved 1048576K
}
Event: 5.146 GC heap after
{Heap after GC invocations=3 (full 0):
 garbage-first heap   total 260096K, used 20161K [0x0000000080000000, 0x0000000100000000)
  region size 1024K, 9 young (9216K), 9 survivors (9216K)
 Metaspace       used 21230K, committed 21504K, reserved 1114112K
  class space    used 2488K, committed 2624K, reserved 1048576K
}
Event: 6.264 GC heap before
{Heap before GC invocations=4 (full 0):
 garbage-first heap   total 71680K, used 53953K [0x0000000080000000, 0x0000000100000000)
  region size 1024K, 42 young (43008K), 9 survivors (9216K)
 Metaspace       used 27280K, committed 27712K, reserved 1114112K
  class space    used 3395K, committed 3584K, reserved 1048576K
}
Event: 6.275 GC heap after
{Heap after GC invocations=5 (full 0):
 garbage-first heap   total 71680K, used 22167K [0x0000000080000000, 0x0000000100000000)
  region size 1024K, 3 young (3072K), 3 survivors (3072K)
 Metaspace       used 27280K, committed 27712K, reserved 1114112K
  class space    used 3395K, committed 3584K, reserved 1048576K
}
Event: 7.755 GC heap before
{Heap before GC invocations=5 (full 0):
 garbage-first heap   total 71680K, used 56983K [0x0000000080000000, 0x0000000100000000)
  region size 1024K, 36 young (36864K), 3 survivors (3072K)
 Metaspace       used 32795K, committed 33408K, reserved 1114112K
  class space    used 4210K, committed 4480K, reserved 1048576K
}
Event: 7.761 GC heap after
{Heap after GC invocations=6 (full 0):
 garbage-first heap   total 71680K, used 24277K [0x0000000080000000, 0x0000000100000000)
  region size 1024K, 5 young (5120K), 5 survivors (5120K)
 Metaspace       used 32795K, committed 33408K, reserved 1114112K
  class space    used 4210K, committed 4480K, reserved 1048576K
}
Event: 8.724 GC heap before
{Heap before GC invocations=6 (full 0):
 garbage-first heap   total 71680K, used 42709K [0x0000000080000000, 0x0000000100000000)
  region size 1024K, 24 young (24576K), 5 survivors (5120K)
 Metaspace       used 35453K, committed 36160K, reserved 1114112K
  class space    used 4649K, committed 4992K, reserved 1048576K
}
Event: 8.731 GC heap after
{Heap after GC invocations=7 (full 0):
 garbage-first heap   total 71680K, used 25482K [0x0000000080000000, 0x0000000100000000)
  region size 1024K, 4 young (4096K), 4 survivors (4096K)
 Metaspace       used 35453K, committed 36160K, reserved 1114112K
  class space    used 4649K, committed 4992K, reserved 1048576K
}
Event: 10.635 GC heap before
{Heap before GC invocations=8 (full 0):
 garbage-first heap   total 71680K, used 67466K [0x0000000080000000, 0x0000000100000000)
  region size 1024K, 38 young (38912K), 4 survivors (4096K)
 Metaspace       used 39400K, committed 40320K, reserved 1114112K
  class space    used 5350K, committed 5824K, reserved 1048576K
}
Event: 10.647 GC heap after
{Heap after GC invocations=9 (full 0):
 garbage-first heap   total 79872K, used 40537K [0x0000000080000000, 0x0000000100000000)
  region size 1024K, 5 young (5120K), 5 survivors (5120K)
 Metaspace       used 39400K, committed 40320K, reserved 1114112K
  class space    used 5350K, committed 5824K, reserved 1048576K
}
Event: 11.430 GC heap before
{Heap before GC invocations=9 (full 0):
 garbage-first heap   total 79872K, used 76377K [0x0000000080000000, 0x0000000100000000)
  region size 1024K, 32 young (32768K), 5 survivors (5120K)
 Metaspace       used 42580K, committed 43712K, reserved 1114112K
  class space    used 5854K, committed 6400K, reserved 1048576K
}
Event: 11.438 GC heap after
{Heap after GC invocations=10 (full 0):
 garbage-first heap   total 87040K, used 52603K [0x0000000080000000, 0x0000000100000000)
  region size 1024K, 4 young (4096K), 4 survivors (4096K)
 Metaspace       used 42580K, committed 43712K, reserved 1114112K
  class space    used 5854K, committed 6400K, reserved 1048576K
}
Event: 12.209 GC heap before
{Heap before GC invocations=10 (full 0):
 garbage-first heap   total 87040K, used 75131K [0x0000000080000000, 0x0000000100000000)
  region size 1024K, 26 young (26624K), 4 survivors (4096K)
 Metaspace       used 45176K, committed 46400K, reserved 1114112K
  class space    used 6314K, committed 6912K, reserved 1048576K
}
Event: 12.214 GC heap after
{Heap after GC invocations=11 (full 0):
 garbage-first heap   total 87040K, used 53913K [0x0000000080000000, 0x0000000100000000)
  region size 1024K, 2 young (2048K), 2 survivors (2048K)
 Metaspace       used 45176K, committed 46400K, reserved 1114112K
  class space    used 6314K, committed 6912K, reserved 1048576K
}
Event: 12.968 GC heap before
{Heap before GC invocations=12 (full 0):
 garbage-first heap   total 92160K, used 75417K [0x0000000080000000, 0x0000000100000000)
  region size 1024K, 24 young (24576K), 2 survivors (2048K)
 Metaspace       used 48792K, committed 50112K, reserved 1114112K
  class space    used 6808K, committed 7488K, reserved 1048576K
}
Event: 12.974 GC heap after
{Heap after GC invocations=13 (full 0):
 garbage-first heap   total 92160K, used 55690K [0x0000000080000000, 0x0000000100000000)
  region size 1024K, 3 young (3072K), 3 survivors (3072K)
 Metaspace       used 48792K, committed 50112K, reserved 1114112K
  class space    used 6808K, committed 7488K, reserved 1048576K
}
Event: 13.899 GC heap before
{Heap before GC invocations=13 (full 0):
 garbage-first heap   total 92160K, used 80266K [0x0000000080000000, 0x0000000100000000)
  region size 1024K, 28 young (28672K), 3 survivors (3072K)
 Metaspace       used 52511K, committed 53952K, reserved 1114112K
  class space    used 7315K, committed 8000K, reserved 1048576K
}
Event: 13.907 GC heap after
{Heap after GC invocations=14 (full 0):
 garbage-first heap   total 92160K, used 58161K [0x0000000080000000, 0x0000000100000000)
  region size 1024K, 4 young (4096K), 4 survivors (4096K)
 Metaspace       used 52511K, committed 53952K, reserved 1114112K
  class space    used 7315K, committed 8000K, reserved 1048576K
}

Dll operation events (3 events):
Event: 0.021 Loaded shared library C:\Program Files\Android\Android Studio\jbr\bin\java.dll
Event: 0.032 Loaded shared library C:\Program Files\Android\Android Studio\jbr\bin\zip.dll
Event: 1.237 Loaded shared library C:\Program Files\Android\Android Studio\jbr\bin\verify.dll

Deoptimization events (20 events):
Event: 13.569 Thread 0x0000029173a40bb0 Uncommon trap: trap_request=0xffffff45 fr.pc=0x000002916070c0f0 relative=0x0000000000000230
Event: 13.569 Thread 0x0000029173a40bb0 Uncommon trap: reason=unstable_if action=reinterpret pc=0x000002916070c0f0 method=java.lang.invoke.LambdaForm.useCount(Ljava/lang/invoke/LambdaForm$Name;)I @ 8 c2
Event: 13.569 Thread 0x0000029173a40bb0 DEOPT PACKING pc=0x000002916070c0f0 sp=0x000000c4068f6a10
Event: 13.569 Thread 0x0000029173a40bb0 DEOPT UNPACKING pc=0x00000291600543a2 sp=0x000000c4068f69a8 mode 2
Event: 13.580 Thread 0x0000029173a40bb0 Uncommon trap: trap_request=0xfffffff4 fr.pc=0x000002916082a268 relative=0x00000000000004a8
Event: 13.580 Thread 0x0000029173a40bb0 Uncommon trap: reason=null_check action=make_not_entrant pc=0x000002916082a268 method=sun.invoke.util.VerifyType.isNullConversion(Ljava/lang/Class;Ljava/lang/Class;Z)Z @ 22 c2
Event: 13.580 Thread 0x0000029173a40bb0 DEOPT PACKING pc=0x000002916082a268 sp=0x000000c4068f7870
Event: 13.580 Thread 0x0000029173a40bb0 DEOPT UNPACKING pc=0x00000291600543a2 sp=0x000000c4068f7818 mode 2
Event: 13.596 Thread 0x0000029173a40bb0 Uncommon trap: trap_request=0xffffff45 fr.pc=0x00000291606e6b24 relative=0x0000000000000924
Event: 13.596 Thread 0x0000029173a40bb0 Uncommon trap: reason=unstable_if action=reinterpret pc=0x00000291606e6b24 method=jdk.internal.org.objectweb.asm.Frame.execute(IILjdk/internal/org/objectweb/asm/Symbol;Ljdk/internal/org/objectweb/asm/SymbolTable;)V @ 1249 c2
Event: 13.596 Thread 0x0000029173a40bb0 DEOPT PACKING pc=0x00000291606e6b24 sp=0x000000c4068f7750
Event: 13.596 Thread 0x0000029173a40bb0 DEOPT UNPACKING pc=0x00000291600543a2 sp=0x000000c4068f76d0 mode 2
Event: 13.730 Thread 0x000002917419a2f0 Uncommon trap: trap_request=0xffffff6e fr.pc=0x0000029160655a60 relative=0x0000000000000420
Event: 13.730 Thread 0x000002917419a2f0 Uncommon trap: reason=loop_limit_check action=maybe_recompile pc=0x0000029160655a60 method=java.lang.StringLatin1.indexOf([BI[BII)I @ 37 c2
Event: 13.730 Thread 0x000002917419a2f0 DEOPT PACKING pc=0x0000029160655a60 sp=0x000000c4076fe190
Event: 13.730 Thread 0x000002917419a2f0 DEOPT UNPACKING pc=0x00000291600543a2 sp=0x000000c4076fe118 mode 2
Event: 13.766 Thread 0x0000029173a40bb0 Uncommon trap: trap_request=0xffffff45 fr.pc=0x00000291606d207c relative=0x00000000000002bc
Event: 13.766 Thread 0x0000029173a40bb0 Uncommon trap: reason=unstable_if action=reinterpret pc=0x00000291606d207c method=java.lang.String.regionMatches(ZILjava/lang/String;II)Z @ 36 c2
Event: 13.766 Thread 0x0000029173a40bb0 DEOPT PACKING pc=0x00000291606d207c sp=0x000000c4068f81b0
Event: 13.766 Thread 0x0000029173a40bb0 DEOPT UNPACKING pc=0x00000291600543a2 sp=0x000000c4068f8118 mode 2

Classes loaded (20 events):
Event: 13.588 Loading class jdk/internal/ValueBased
Event: 13.588 Loading class jdk/internal/ValueBased done
Event: 13.611 Loading class sun/reflect/generics/reflectiveObjects/GenericArrayTypeImpl
Event: 13.612 Loading class sun/reflect/generics/reflectiveObjects/GenericArrayTypeImpl done
Event: 13.618 Loading class com/sun/beans/finder/MethodFinder
Event: 13.618 Loading class com/sun/beans/finder/AbstractFinder
Event: 13.618 Loading class com/sun/beans/finder/AbstractFinder done
Event: 13.618 Loading class com/sun/beans/finder/MethodFinder done
Event: 13.618 Loading class com/sun/beans/finder/MethodFinder$1
Event: 13.619 Loading class com/sun/beans/finder/MethodFinder$1 done
Event: 13.619 Loading class com/sun/beans/finder/FinderUtils
Event: 13.619 Loading class com/sun/beans/finder/FinderUtils done
Event: 13.620 Loading class java/lang/invoke/BoundMethodHandle$Species_LJ
Event: 13.621 Loading class java/lang/invoke/BoundMethodHandle$Species_LJ done
Event: 13.719 Loading class sun/nio/ch/ChannelInputStream
Event: 13.720 Loading class sun/nio/ch/ChannelInputStream done
Event: 13.757 Loading class java/nio/file/StandardCopyOption
Event: 13.757 Loading class java/nio/file/StandardCopyOption done
Event: 13.757 Loading class sun/nio/fs/WindowsFileCopy
Event: 13.758 Loading class sun/nio/fs/WindowsFileCopy done

Classes unloaded (0 events):
No events

Classes redefined (0 events):
No events

Internal exceptions (20 events):
Event: 13.734 Thread 0x000002917419a2f0 Exception <a 'sun/nio/fs/WindowsException'{0x0000000083b8d9e8}> (0x0000000083b8d9e8) 
thrown [s\src\hotspot\share\prims\jni.cpp, line 537]
Event: 13.734 Thread 0x000002917419a2f0 Exception <a 'sun/nio/fs/WindowsException'{0x0000000083b8e280}> (0x0000000083b8e280) 
thrown [s\src\hotspot\share\prims\jni.cpp, line 537]
Event: 13.740 Thread 0x000002917419a2f0 Exception <a 'sun/nio/fs/WindowsException'{0x0000000083b9cb38}> (0x0000000083b9cb38) 
thrown [s\src\hotspot\share\prims\jni.cpp, line 537]
Event: 13.741 Thread 0x000002917419a2f0 Exception <a 'sun/nio/fs/WindowsException'{0x0000000083b9d3d0}> (0x0000000083b9d3d0) 
thrown [s\src\hotspot\share\prims\jni.cpp, line 537]
Event: 13.755 Thread 0x000002917419a2f0 Exception <a 'sun/nio/fs/WindowsException'{0x0000000083ba6068}> (0x0000000083ba6068) 
thrown [s\src\hotspot\share\prims\jni.cpp, line 537]
Event: 13.755 Thread 0x000002917419a2f0 Exception <a 'sun/nio/fs/WindowsException'{0x0000000083ba7408}> (0x0000000083ba7408) 
thrown [s\src\hotspot\share\prims\jni.cpp, line 537]
Event: 13.756 Thread 0x000002917419a2f0 Exception <a 'sun/nio/fs/WindowsException'{0x0000000083ba8478}> (0x0000000083ba8478) 
thrown [s\src\hotspot\share\prims\jni.cpp, line 537]
Event: 13.757 Thread 0x000002917419a2f0 Exception <a 'sun/nio/fs/WindowsException'{0x0000000083ba8f10}> (0x0000000083ba8f10) 
thrown [s\src\hotspot\share\prims\jni.cpp, line 537]
Event: 13.758 Thread 0x000002917419a2f0 Exception <a 'sun/nio/fs/WindowsException'{0x0000000083bac3d8}> (0x0000000083bac3d8) 
thrown [s\src\hotspot\share\prims\jni.cpp, line 537]
Event: 13.761 Thread 0x000002917419a2f0 Exception <a 'sun/nio/fs/WindowsException'{0x0000000083bac7b8}> (0x0000000083bac7b8) 
thrown [s\src\hotspot\share\prims\jni.cpp, line 537]
Event: 13.775 Thread 0x0000029173a40bb0 Exception <a 'sun/nio/fs/WindowsException'{0x0000000083bf6390}> (0x0000000083bf6390) 
thrown [s\src\hotspot\share\prims\jni.cpp, line 537]
Event: 13.776 Thread 0x0000029173a40bb0 Exception <a 'java/lang/ClassNotFoundException'{0x0000000083bfe060}: sync_studio_tooling11_cswlnxycjr2cbhtw8qf22uempBeanInfo> (0x0000000083bfe060) 
thrown [s\src\hotspot\share\classfile\systemDictionary.cpp, line 312]
Event: 13.776 Thread 0x0000029173a40bb0 Exception <a 'sun/nio/fs/WindowsException'{0x0000000083a15688}> (0x0000000083a15688) 
thrown [s\src\hotspot\share\prims\jni.cpp, line 537]
Event: 13.777 Thread 0x0000029173a40bb0 Exception <a 'java/lang/ClassNotFoundException'{0x0000000083a1d368}: sync_studio_tooling11_cswlnxycjr2cbhtw8qf22uempCustomizer> (0x0000000083a1d368) 
thrown [s\src\hotspot\share\classfile\systemDictionary.cpp, line 312]
Event: 13.792 Thread 0x0000029173a40bb0 Exception <a 'java/lang/ClassNotFoundException'{0x0000000083a75010}: org/gradle/internal/metaobject/ConfigureDelegateBeanInfo> (0x0000000083a75010) 
thrown [s\src\hotspot\share\classfile\systemDictionary.cpp, line 312]
Event: 13.793 Thread 0x0000029173a40bb0 Exception <a 'java/lang/ClassNotFoundException'{0x0000000083a879f8}: org/gradle/internal/metaobject/ConfigureDelegateCustomizer> (0x0000000083a879f8) 
thrown [s\src\hotspot\share\classfile\systemDictionary.cpp, line 312]
Event: 13.824 Thread 0x0000029173a40bb0 Exception <a 'java/lang/ClassNotFoundException'{0x0000000083672828}: org/gradle/api/internal/initialization/DefaultScriptHandler_DecoratedBeanInfo> (0x0000000083672828) 
thrown [s\src\hotspot\share\classfile\systemDictionary.cpp, line 312]
Event: 13.825 Thread 0x0000029173a40bb0 Exception <a 'java/lang/ClassNotFoundException'{0x0000000083685e28}: org/gradle/api/internal/initialization/DefaultScriptHandlerBeanInfo> (0x0000000083685e28) 
thrown [s\src\hotspot\share\classfile\systemDictionary.cpp, line 312]
Event: 13.826 Thread 0x0000029173a40bb0 Exception <a 'java/lang/ClassNotFoundException'{0x0000000083698938}: org/gradle/api/internal/initialization/DefaultScriptHandlerCustomizer> (0x0000000083698938) 
thrown [s\src\hotspot\share\classfile\systemDictionary.cpp, line 312]
Event: 13.829 Thread 0x0000029173a40bb0 Exception <a 'java/lang/ClassNotFoundException'{0x00000000836bcd10}: org/gradle/api/internal/initialization/DefaultScriptHandler_DecoratedCustomizer> (0x00000000836bcd10) 
thrown [s\src\hotspot\share\classfile\systemDictionary.cpp, line 312]

ZGC Phase Switch (0 events):
No events

VM Operations (20 events):
Event: 12.481 Executing non-safepoint VM operation: HandshakeAllThreads (Deoptimize)
Event: 12.481 Executing non-safepoint VM operation: HandshakeAllThreads (Deoptimize) done
Event: 12.656 Executing non-safepoint VM operation: HandshakeAllThreads (Deoptimize)
Event: 12.656 Executing non-safepoint VM operation: HandshakeAllThreads (Deoptimize) done
Event: 12.657 Executing non-safepoint VM operation: HandshakeAllThreads (Deoptimize)
Event: 12.657 Executing non-safepoint VM operation: HandshakeAllThreads (Deoptimize) done
Event: 12.805 Executing non-safepoint VM operation: HandshakeAllThreads (Deoptimize)
Event: 12.805 Executing non-safepoint VM operation: HandshakeAllThreads (Deoptimize) done
Event: 12.968 Executing safepoint VM operation: G1CollectForAllocation (G1 Evacuation Pause)
Event: 12.974 Executing safepoint VM operation: G1CollectForAllocation (G1 Evacuation Pause) done
Event: 13.394 Executing non-safepoint VM operation: HandshakeAllThreads (Deoptimize)
Event: 13.394 Executing non-safepoint VM operation: HandshakeAllThreads (Deoptimize) done
Event: 13.400 Executing non-safepoint VM operation: HandshakeAllThreads (Deoptimize)
Event: 13.400 Executing non-safepoint VM operation: HandshakeAllThreads (Deoptimize) done
Event: 13.402 Executing non-safepoint VM operation: HandshakeAllThreads (Deoptimize)
Event: 13.402 Executing non-safepoint VM operation: HandshakeAllThreads (Deoptimize) done
Event: 13.504 Executing safepoint VM operation: ICBufferFull
Event: 13.504 Executing safepoint VM operation: ICBufferFull done
Event: 13.898 Executing safepoint VM operation: G1CollectForAllocation (G1 Evacuation Pause)
Event: 13.907 Executing safepoint VM operation: G1CollectForAllocation (G1 Evacuation Pause) done

Memory protections (0 events):
No events

Nmethod flushes (20 events):
Event: 12.268 Thread 0x000002916d23dc70 flushing  nmethod 0x0000029158b19e10
Event: 12.268 Thread 0x000002916d23dc70 flushing  nmethod 0x0000029158bac810
Event: 12.268 Thread 0x000002916d23dc70 flushing  nmethod 0x0000029158becf90
Event: 12.268 Thread 0x000002916d23dc70 flushing  nmethod 0x0000029158bf0b10
Event: 12.268 Thread 0x000002916d23dc70 flushing  nmethod 0x0000029158bf1290
Event: 12.268 Thread 0x000002916d23dc70 flushing  nmethod 0x0000029158c4b090
Event: 12.268 Thread 0x000002916d23dc70 flushing  nmethod 0x0000029158c4b710
Event: 12.268 Thread 0x000002916d23dc70 flushing  nmethod 0x0000029158c4fc10
Event: 12.268 Thread 0x000002916d23dc70 flushing  nmethod 0x0000029158c50d10
Event: 12.268 Thread 0x000002916d23dc70 flushing  nmethod 0x0000029158c52e10
Event: 12.268 Thread 0x000002916d23dc70 flushing  nmethod 0x0000029158c7a190
Event: 12.268 Thread 0x000002916d23dc70 flushing  nmethod 0x0000029158c7da90
Event: 12.268 Thread 0x000002916d23dc70 flushing  nmethod 0x0000029158c7e390
Event: 12.268 Thread 0x000002916d23dc70 flushing  nmethod 0x0000029158ca0390
Event: 12.268 Thread 0x000002916d23dc70 flushing  nmethod 0x0000029158cef090
Event: 12.268 Thread 0x000002916d23dc70 flushing  nmethod 0x0000029158cf3490
Event: 12.268 Thread 0x000002916d23dc70 flushing  nmethod 0x0000029158e40090
Event: 12.268 Thread 0x000002916d23dc70 flushing  nmethod 0x0000029158e87c90
Event: 12.268 Thread 0x000002916d23dc70 flushing  nmethod 0x0000029158f39e10
Event: 12.268 Thread 0x000002916d23dc70 flushing  nmethod 0x0000029158f4a490

Events (20 events):
Event: 8.973 Thread 0x0000029173a40bb0 Thread added: 0x0000029174197b90
Event: 9.191 Thread 0x000002917271aa10 Thread exited: 0x000002917271aa10
Event: 9.872 Thread 0x0000029173a40bb0 Thread added: 0x00000291741988b0
Event: 9.886 Thread 0x0000029173a40bb0 Thread added: 0x0000029174195430
Event: 10.003 Thread 0x000002916d2c2d40 Thread added: 0x000002917271aa10
Event: 10.197 Thread 0x0000029173a40bb0 Thread added: 0x00000291741995d0
Event: 10.197 Thread 0x0000029173a40bb0 Thread added: 0x0000029174199c60
Event: 10.198 Thread 0x0000029173a40bb0 Thread added: 0x000002917419a2f0
Event: 10.198 Thread 0x0000029173a40bb0 Thread added: 0x0000029176d545e0
Event: 10.198 Thread 0x0000029173a40bb0 Thread added: 0x0000029176d52ba0
Event: 10.198 Thread 0x0000029173a40bb0 Thread added: 0x0000029176d52510
Event: 10.198 Thread 0x0000029173a40bb0 Thread added: 0x0000029176d53230
Event: 10.198 Thread 0x0000029173a40bb0 Thread added: 0x0000029176d517f0
Event: 11.244 Thread 0x0000029173a40bb0 Thread added: 0x0000029176d53f50
Event: 11.261 Thread 0x000002917271aa10 Thread exited: 0x000002917271aa10
Event: 11.403 Thread 0x0000029173a40bb0 Thread added: 0x0000029176d56020
Event: 11.501 Thread 0x000002916d2c2d40 Thread added: 0x000002916da3da40
Event: 12.039 Thread 0x0000029173a40bb0 Thread added: 0x0000029176d56d40
Event: 12.163 Thread 0x0000029173a40bb0 Thread added: 0x0000029176d538c0
Event: 12.948 Thread 0x000002916d2c2d40 Thread added: 0x0000029173189900


Dynamic libraries:
0x00007ff7c1720000 - 0x00007ff7c172a000 	C:\Program Files\Android\Android Studio\jbr\bin\java.exe
0x00007ffae83a0000 - 0x00007ffae8605000 	C:\WINDOWS\SYSTEM32\ntdll.dll
0x00007ffae6140000 - 0x00007ffae6209000 	C:\WINDOWS\System32\KERNEL32.DLL
0x00007ffae5b20000 - 0x00007ffae5f08000 	C:\WINDOWS\System32\KERNELBASE.dll
0x00007ffae5ff0000 - 0x00007ffae613b000 	C:\WINDOWS\System32\ucrtbase.dll
0x00007ffacae30000 - 0x00007ffacae48000 	C:\Program Files\Android\Android Studio\jbr\bin\jli.dll
0x00007ffac4a90000 - 0x00007ffac4aab000 	C:\Program Files\Android\Android Studio\jbr\bin\VCRUNTIME140.dll
0x00007ffae6300000 - 0x00007ffae64ca000 	C:\WINDOWS\System32\USER32.dll
0x00007ffae5fc0000 - 0x00007ffae5fe7000 	C:\WINDOWS\System32\win32u.dll
0x00007ffae6c00000 - 0x00007ffae6c2b000 	C:\WINDOWS\System32\GDI32.dll
0x00007ffac6fb0000 - 0x00007ffac724a000 	C:\WINDOWS\WinSxS\amd64_microsoft.windows.common-controls_6595b64144ccf1df_6.0.26100.4202_none_3e0698d4e335f517\COMCTL32.dll
0x00007ffae5590000 - 0x00007ffae56c7000 	C:\WINDOWS\System32\gdi32full.dll
0x00007ffae6960000 - 0x00007ffae6a09000 	C:\WINDOWS\System32\msvcrt.dll
0x00007ffae5f10000 - 0x00007ffae5fb3000 	C:\WINDOWS\System32\msvcp_win.dll
0x00007ffae7dd0000 - 0x00007ffae7e00000 	C:\WINDOWS\System32\IMM32.DLL
0x00007ffacee60000 - 0x00007ffacee6c000 	C:\Program Files\Android\Android Studio\jbr\bin\vcruntime140_1.dll
0x00007ffa79de0000 - 0x00007ffa79e6d000 	C:\Program Files\Android\Android Studio\jbr\bin\msvcp140.dll
0x00007ffa37eb0000 - 0x00007ffa38b46000 	C:\Program Files\Android\Android Studio\jbr\bin\server\jvm.dll
0x00007ffae64d0000 - 0x00007ffae6583000 	C:\WINDOWS\System32\ADVAPI32.dll
0x00007ffae82a0000 - 0x00007ffae8346000 	C:\WINDOWS\System32\sechost.dll
0x00007ffae6840000 - 0x00007ffae6955000 	C:\WINDOWS\System32\RPCRT4.dll
0x00007ffae67c0000 - 0x00007ffae6834000 	C:\WINDOWS\System32\WS2_32.dll
0x00007ffae40d0000 - 0x00007ffae412e000 	C:\WINDOWS\SYSTEM32\POWRPROF.dll
0x00007ffad3e10000 - 0x00007ffad3e45000 	C:\WINDOWS\SYSTEM32\WINMM.dll
0x00007ffade120000 - 0x00007ffade12b000 	C:\WINDOWS\SYSTEM32\VERSION.dll
0x00007ffae40b0000 - 0x00007ffae40c4000 	C:\WINDOWS\SYSTEM32\UMPDC.dll
0x00007ffae4390000 - 0x00007ffae43ab000 	C:\WINDOWS\SYSTEM32\kernel.appcore.dll
0x00007ffacac00000 - 0x00007ffacac0a000 	C:\Program Files\Android\Android Studio\jbr\bin\jimage.dll
0x00007ffae2bc0000 - 0x00007ffae2e01000 	C:\WINDOWS\SYSTEM32\DBGHELP.DLL
0x00007ffae7870000 - 0x00007ffae7bf5000 	C:\WINDOWS\System32\combase.dll
0x00007ffae6210000 - 0x00007ffae62f1000 	C:\WINDOWS\System32\OLEAUT32.dll
0x00007ffabc7f0000 - 0x00007ffabc829000 	C:\WINDOWS\SYSTEM32\dbgcore.DLL
0x00007ffae54f0000 - 0x00007ffae5589000 	C:\WINDOWS\System32\bcryptPrimitives.dll
0x00007ffadfb00000 - 0x00007ffadfb0e000 	C:\Program Files\Android\Android Studio\jbr\bin\instrument.dll
0x00007ffac0330000 - 0x00007ffac0350000 	C:\Program Files\Android\Android Studio\jbr\bin\java.dll
0x00007ffac0310000 - 0x00007ffac0328000 	C:\Program Files\Android\Android Studio\jbr\bin\zip.dll
0x00007ffae6de0000 - 0x00007ffae7522000 	C:\WINDOWS\System32\SHELL32.dll
0x00007ffae56d0000 - 0x00007ffae5844000 	C:\WINDOWS\System32\wintypes.dll
0x00007ffae3130000 - 0x00007ffae3988000 	C:\WINDOWS\SYSTEM32\windows.storage.dll
0x00007ffae7cc0000 - 0x00007ffae7db1000 	C:\WINDOWS\System32\SHCORE.dll
0x00007ffae6690000 - 0x00007ffae66fa000 	C:\WINDOWS\System32\shlwapi.dll
0x00007ffae5400000 - 0x00007ffae542f000 	C:\WINDOWS\SYSTEM32\profapi.dll
0x00007ffadfad0000 - 0x00007ffadfae0000 	C:\Program Files\Android\Android Studio\jbr\bin\net.dll
0x00007ffaddf00000 - 0x00007ffade01e000 	C:\WINDOWS\SYSTEM32\WINHTTP.dll
0x00007ffae48e0000 - 0x00007ffae494a000 	C:\WINDOWS\system32\mswsock.dll
0x00007ffacf0c0000 - 0x00007ffacf0d6000 	C:\Program Files\Android\Android Studio\jbr\bin\nio.dll
0x00007ffacf0a0000 - 0x00007ffacf0b0000 	C:\Program Files\Android\Android Studio\jbr\bin\verify.dll
0x00007ffac9fe0000 - 0x00007ffaca007000 	C:\Users\HP\.gradle\native\660c5614fbf4a5f2a75b1949f50a0caf5cd603558e7d8a26e50b933a0cfb79d1\windows-amd64\native-platform.dll
0x00007ffac4ab0000 - 0x00007ffac4b27000 	C:\Users\HP\.gradle\native\0.2.8\x86_64-windows-gnu\gradle-fileevents.dll
0x00007ffacf0b0000 - 0x00007ffacf0b9000 	C:\Program Files\Android\Android Studio\jbr\bin\management.dll
0x00007ffaca670000 - 0x00007ffaca67b000 	C:\Program Files\Android\Android Studio\jbr\bin\management_ext.dll
0x00007ffae77e0000 - 0x00007ffae77e8000 	C:\WINDOWS\System32\PSAPI.DLL
0x00007ffae3e50000 - 0x00007ffae3e83000 	C:\WINDOWS\SYSTEM32\IPHLPAPI.DLL
0x00007ffae8350000 - 0x00007ffae835a000 	C:\WINDOWS\System32\NSI.dll
0x00007ffadfac0000 - 0x00007ffadfac9000 	C:\Program Files\Android\Android Studio\jbr\bin\extnet.dll
0x00007ffae4cc0000 - 0x00007ffae4cdb000 	C:\WINDOWS\SYSTEM32\CRYPTSP.dll
0x00007ffae42f0000 - 0x00007ffae432a000 	C:\WINDOWS\system32\rsaenh.dll
0x00007ffae4980000 - 0x00007ffae49ab000 	C:\WINDOWS\SYSTEM32\USERENV.dll
0x00007ffae53d0000 - 0x00007ffae53f6000 	C:\WINDOWS\SYSTEM32\bcrypt.dll
0x00007ffae4b20000 - 0x00007ffae4b2c000 	C:\WINDOWS\SYSTEM32\CRYPTBASE.dll
0x00007ffa6aca0000 - 0x00007ffa6aca8000 	C:\WINDOWS\system32\wshunix.dll

JVMTI agents:
C:\Users\HP\.gradle\wrapper\dists\gradle-9.4.1-bin\arn2x92ynaizyzdaamcbpbhtj\gradle-9.4.1\lib\agents\gradle-instrumentation-agent-9.4.1.jar path:C:\Program Files\Android\Android Studio\jbr\bin\instrument.dll, loaded, initialized, instrumentlib options:none

dbghelp: loaded successfully - version: 4.0.5 - missing functions: none
symbol engine: initialized successfully - sym options: 0x614 - pdb path: .;C:\Program Files\Android\Android Studio\jbr\bin;C:\WINDOWS\SYSTEM32;C:\WINDOWS\WinSxS\amd64_microsoft.windows.common-controls_6595b64144ccf1df_6.0.26100.4202_none_3e0698d4e335f517;C:\Program Files\Android\Android Studio\jbr\bin\server;C:\Users\HP\.gradle\native\660c5614fbf4a5f2a75b1949f50a0caf5cd603558e7d8a26e50b933a0cfb79d1\windows-amd64;C:\Users\HP\.gradle\native\0.2.8\x86_64-windows-gnu

VM Arguments:
jvm_args: --add-opens=java.base/java.lang=ALL-UNNAMED --add-opens=java.base/java.lang.invoke=ALL-UNNAMED --add-opens=java.base/java.util=ALL-UNNAMED --add-opens=java.prefs/java.util.prefs=ALL-UNNAMED --add-exports=jdk.compiler/com.sun.tools.javac.api=ALL-UNNAMED --add-exports=jdk.compiler/com.sun.tools.javac.util=ALL-UNNAMED --add-opens=java.base/java.util=ALL-UNNAMED --add-opens=java.prefs/java.util.prefs=ALL-UNNAMED --add-opens=java.base/java.nio.charset=ALL-UNNAMED --add-opens=java.base/java.net=ALL-UNNAMED --add-opens=java.base/java.util.concurrent=ALL-UNNAMED --add-opens=java.base/java.util.concurrent.atomic=ALL-UNNAMED --add-opens=java.xml/javax.xml.namespace=ALL-UNNAMED --add-opens=java.base/java.time=ALL-UNNAMED -Xmx2048m -Dfile.encoding=UTF-8 -Duser.country=US -Duser.language=en -Duser.variant -javaagent:C:\Users\HP\.gradle\wrapper\dists\gradle-9.4.1-bin\arn2x92ynaizyzdaamcbpbhtj\gradle-9.4.1\lib\agents\gradle-instrumentation-agent-9.4.1.jar 
java_command: org.gradle.launcher.daemon.bootstrap.GradleDaemon 9.4.1
java_class_path (initial): C:\Users\HP\.gradle\wrapper\dists\gradle-9.4.1-bin\arn2x92ynaizyzdaamcbpbhtj\gradle-9.4.1\lib\gradle-daemon-main-9.4.1.jar
Launcher Type: SUN_STANDARD

[Global flags]
     intx CICompilerCount                          = 4                                         {product} {ergonomic}
     uint ConcGCThreads                            = 2                                         {product} {ergonomic}
     uint G1ConcRefinementThreads                  = 8                                         {product} {ergonomic}
   size_t G1HeapRegionSize                         = 1048576                                   {product} {ergonomic}
    uintx GCDrainStackTargetSize                   = 64                                        {product} {ergonomic}
   size_t InitialHeapSize                          = 266338304                                 {product} {ergonomic}
   size_t MarkStackSize                            = 4194304                                   {product} {ergonomic}
   size_t MaxHeapSize                              = 2147483648                                {product} {command line}
   size_t MaxNewSize                               = 1287651328                                {product} {ergonomic}
   size_t MinHeapDeltaBytes                        = 1048576                                   {product} {ergonomic}
   size_t MinHeapSize                              = 8388608                                   {product} {ergonomic}
    uintx NonNMethodCodeHeapSize                   = 5839372                                {pd product} {ergonomic}
    uintx NonProfiledCodeHeapSize                  = 122909434                              {pd product} {ergonomic}
    uintx ProfiledCodeHeapSize                     = 122909434                              {pd product} {ergonomic}
    uintx ReservedCodeCacheSize                    = 251658240                              {pd product} {ergonomic}
     bool SegmentedCodeCache                       = true                                      {product} {ergonomic}
   size_t SoftMaxHeapSize                          = 2147483648                             {manageable} {ergonomic}
     bool UseCompressedOops                        = true                           {product lp64_product} {ergonomic}
     bool UseG1GC                                  = true                                      {product} {ergonomic}
     bool UseLargePagesIndividualAllocation        = false                                  {pd product} {ergonomic}

Logging:
Log output configuration:
 #0: stdout all=warning uptime,level,tags foldmultilines=false
 #1: stderr all=off uptime,level,tags foldmultilines=false

Release file:
JAVA_VERSION="21.0.10" 
MODULES="java.base java.compiler java.datatransfer java.xml java.prefs java.desktop java.instrument java.logging java.management java.security.sasl java.naming java.rmi java.management.rmi java.net.http java.scripting java.security.jgss java.transaction.xa java.sql java.sql.rowset java.xml.crypto java.se java.smartcardio jdk.accessibility jdk.internal.jvmstat jdk.attach jdk.charsets jdk.internal.opt jdk.zipfs jdk.compiler jdk.crypto.ec jdk.crypto.cryptoki jdk.dynalink jdk.hotspot.agent jdk.httpserver jdk.internal.ed jdk.internal.le jdk.internal.vm.ci jdk.jartool jdk.javadoc jdk.jcmd jdk.jdeps jdk.jdwp.agent jdk.jdi jdk.jfr jdk.jlink jdk.jsobject jdk.localedata jdk.management jdk.management.agent jdk.management.jfr jdk.naming.dns jdk.naming.rmi jdk.net jdk.sctp jdk.security.auth jdk.security.jgss jdk.unsupported jdk.unsupported.desktop jdk.xml.dom" 
IMPLEMENTOR="JetBrains s.r.o." 
JAVA_RUNTIME_VERSION="21.0.10+-14961533-b1163.108" 
LIBC="default" 
OS_ARCH="x86_64" 
OS_NAME="Windows" 
SOURCE=".:git:1351622c2ff2" 

Environment Variables:
JAVA_HOME=C:\Program Files\Java\jdk-21
CLASSPATH=.;.;.;.;C:\PROGRA~2\JMF21~1.1E\lib\sound.jar;C:\PROGRA~2\JMF21~1.1E\lib\jmf.jar;C:\PROGRA~2\JMF21~1.1E\lib;
PATH=C:\Program Files\OpenLogic\jre-17.0.14.7-hotspot\bin;C:\Program Files\Common Files\Oracle\Java\javapath;C:\Program Files (x86)\Common Files\Oracle\Java\java8path;C:\Program Files (x86)\Common Files\Oracle\Java\javapath;C:\WINDOWS\system32;C:\WINDOWS;C:\WINDOWS\System32\Wbem;C:\WINDOWS\System32\WindowsPowerShell\v1.0\;C:\WINDOWS\System32\OpenSSH\;C:\Program Files\Java\jdk-21\bin;C:\Program Files\Git\cmd;C:\Users\HP\AppData\Local\Microsoft\WindowsApps;c:\Program Files\Java\jdk-21\bin;C:\Program Files\Java\jdk-21\bin;C:\Users\HP\AppData\Local\GitHubDesktop\bin
USERNAME=HP
OS=Windows_NT
PROCESSOR_IDENTIFIER=Intel64 Family 6 Model 142 Stepping 12, GenuineIntel
TMP=C:\Users\HP\AppData\Local\Temp
TEMP=C:\Users\HP\AppData\Local\Temp




Periodic native trim disabled

JNI global refs:
JNI global refs: 27, weak refs: 0

JNI global refs memory usage: 835, weak refs: 833

Process memory usage:
Resident Set Size: 264208K (1% of 16587500K total physical memory with 5516168K free physical memory)

OOME stack traces (most recent first):
Classloader memory used:
Loader org.gradle.internal.classloader.VisitableURLClassLoader                         : 26128K
Loader bootstrap                                                                       : 21092K
Loader org.gradle.initialization.MixInLegacyTypesClassLoader                           : 4936K
Loader org.gradle.internal.classloader.VisitableURLClassLoader                         : 771K
Loader jdk.internal.loader.ClassLoaders$AppClassLoader                                 : 189K
Loader jdk.internal.reflect.DelegatingClassLoader                                      : 182K
Loader jdk.internal.loader.ClassLoaders$PlatformClassLoader                            : 130K
Loader org.gradle.groovy.scripts.internal.DefaultScriptCompilationHandler$ScriptClassLoader: 29232B

Classes loaded by more than one classloader:
Class org.gradle.internal.IoActions                                                   : loaded 3 times (x 71B)
Class org.gradle.api.Action                                                           : loaded 3 times (x 70B)
Class org.gradle.api.GradleException                                                  : loaded 3 times (x 82B)
Class org.gradle.internal.operations.MultipleBuildOperationFailures                   : loaded 2 times (x 95B)
Class org.gradle.internal.classloader.DefaultClassLoaderFactory                       : loaded 2 times (x 82B)
Class kotlin.collections.AbstractList$Companion                                       : loaded 2 times (x 71B)
Class org.gradle.api.internal.DefaultClassPathProvider                                : loaded 2 times (x 76B)
Class [Lorg.gradle.api.internal.ClassPathProvider;                                    : loaded 2 times (x 69B)
Class org.gradle.api.internal.ClassPathProvider                                       : loaded 2 times (x 70B)
Class org.gradle.internal.service.UnknownServiceException                             : loaded 2 times (x 83B)
Class org.gradle.internal.classpath.TransformedClassPath                              : loaded 2 times (x 96B)
Class org.gradle.internal.classloader.InstrumentingClassLoader                        : loaded 2 times (x 70B)
Class kotlin.enums.EnumEntriesList                                                    : loaded 2 times (x 223B)
Class org.gradle.internal.service.ServiceLocator                                      : loaded 2 times (x 70B)
Class org.gradle.internal.time.DefaultTimer                                           : loaded 2 times (x 80B)
Class org.gradle.api.internal.classpath.DefaultModuleRegistry$DefaultModule           : loaded 2 times (x 82B)
Class org.gradle.internal.time.DefaultCountdownTimer                                  : loaded 2 times (x 88B)
Class org.gradle.api.internal.classpath.Module                                        : loaded 2 times (x 70B)
Class org.gradle.api.internal.classpath.UnknownModuleException                        : loaded 2 times (x 82B)
Class org.gradle.api.internal.DefaultClassPathRegistry                                : loaded 2 times (x 76B)
Class org.gradle.internal.classpath.DefaultClassPath$ImmutableUniqueList              : loaded 2 times (x 199B)
Class org.gradle.api.internal.ClassPathRegistry                                       : loaded 2 times (x 70B)
Class org.gradle.internal.classpath.ClassPath                                         : loaded 2 times (x 70B)
Class org.gradle.api.internal.classpath.DefaultModuleRegistry$DefaultModuleAlias      : loaded 2 times (x 80B)
Class org.gradle.tooling.model.Model                                                  : loaded 2 times (x 70B)
Class kotlin.UninitializedPropertyAccessException                                     : loaded 2 times (x 82B)
Class org.gradle.api.internal.classpath.ModuleRegistry                                : loaded 2 times (x 70B)
Class org.gradle.internal.classloader.ClassLoaderHierarchy                            : loaded 2 times (x 70B)
Class org.gradle.api.internal.classpath.DefaultModuleRegistry                         : loaded 2 times (x 84B)
Class org.gradle.internal.time.MonotonicClock                                         : loaded 2 times (x 77B)
Class org.gradle.internal.service.ServiceLookupException                              : loaded 2 times (x 82B)
Class org.gradle.internal.classloader.ClassLoaderFactory                              : loaded 2 times (x 70B)
Class org.gradle.internal.service.CachingServiceLocator                               : loaded 2 times (x 82B)
Class org.gradle.internal.time.TimeSource                                             : loaded 2 times (x 70B)
Class kotlin.enums.EnumEntries                                                        : loaded 2 times (x 70B)
Class org.gradle.internal.exceptions.ResolutionProvider                               : loaded 2 times (x 70B)
Class org.gradle.internal.classloader.ClasspathUtil                                   : loaded 2 times (x 71B)
Class org.gradle.internal.time.TimeSource$1                                           : loaded 2 times (x 77B)
Class kotlin.jvm.internal.DefaultConstructorMarker                                    : loaded 2 times (x 71B)
Class org.gradle.api.specs.Spec                                                       : loaded 2 times (x 70B)
Class org.gradle.internal.time.Clock                                                  : loaded 2 times (x 70B)
Class kotlin.collections.AbstractList                                                 : loaded 2 times (x 197B)
Class kotlin.collections.AbstractCollection                                           : loaded 2 times (x 117B)
Class org.gradle.internal.classloader.VisitableURLClassLoader$InstrumentingVisitableURLClassLoader: loaded 2 times (x 123B)
Class org.gradle.internal.classloader.VisitableURLClassLoader$Spec                    : loaded 2 times (x 74B)
Class org.gradle.internal.classpath.DefaultClassPath                                  : loaded 2 times (x 90B)
Class org.gradle.util.internal.DefaultGradleVersion                                   : loaded 2 times (x 82B)
Class org.gradle.internal.classloader.ClassLoaderSpec                                 : loaded 2 times (x 71B)
Class org.gradle.api.internal.classpath.Module$ModuleAlias                            : loaded 2 times (x 70B)
Class org.gradle.internal.classloader.VisitableURLClassLoader                         : loaded 2 times (x 117B)
Class org.gradle.internal.classloader.FilteringClassLoader                            : loaded 2 times (x 105B)
Class org.gradle.internal.Cast                                                        : loaded 2 times (x 71B)
Class org.gradle.internal.classpath.DefaultClassPath$ImmutableUniqueList$Builder      : loaded 2 times (x 75B)
Class org.gradle.internal.installation.GradleInstallation$1                           : loaded 2 times (x 75B)
Class org.gradle.internal.exceptions.NonGradleCauseExceptionsHolder                   : loaded 2 times (x 70B)
Class kotlin.NotImplementedError                                                      : loaded 2 times (x 82B)
Class kotlin.enums.EnumEntriesKt                                                      : loaded 2 times (x 71B)
Class org.gradle.internal.exceptions.MultiCauseException                              : loaded 2 times (x 70B)
Class org.gradle.internal.time.CountdownTimer                                         : loaded 2 times (x 70B)
Class kotlin.jvm.internal.Intrinsics                                                  : loaded 2 times (x 71B)
Class org.gradle.tooling.model.ProjectModel                                           : loaded 2 times (x 70B)
Class kotlin.KotlinNullPointerException                                               : loaded 2 times (x 83B)
Class org.gradle.internal.exceptions.DefaultMultiCauseException                       : loaded 2 times (x 95B)
Class org.gradle.internal.time.Time                                                   : loaded 2 times (x 71B)
Class kotlin.NoWhenBranchMatchedException                                             : loaded 2 times (x 82B)
Class org.gradle.internal.time.Timer                                                  : loaded 2 times (x 70B)
Class kotlin.jvm.internal.markers.KMappedMarker                                       : loaded 2 times (x 70B)
Class org.gradle.internal.installation.CurrentGradleInstallationLocator               : loaded 2 times (x 71B)
Class org.gradle.internal.service.DefaultServiceLocator                               : loaded 2 times (x 83B)
Class org.gradle.util.GradleVersion                                                   : loaded 2 times (x 81B)
Class org.gradle.internal.installation.CurrentGradleInstallation                      : loaded 2 times (x 73B)
Class org.gradle.util.internal.GUtil                                                  : loaded 2 times (x 71B)
Class org.gradle.internal.installation.GradleInstallation                             : loaded 2 times (x 75B)

---------------  S Y S T E M  ---------------

OS:
 Windows 11 , 64 bit Build 26100 (10.0.26100.4202)
OS uptime: 0 days 13:59 hours
Hyper-V role detected

CPU: total 8 (initial active 8) (4 cores per cpu, 2 threads per core) family 6 model 142 stepping 12 microcode 0x100, cx8, cmov, fxsr, ht, mmx, 3dnowpref, sse, sse2, sse3, ssse3, sse4.1, sse4.2, popcnt, lzcnt, tsc, tscinvbit, avx, avx2, aes, erms, clmul, bmi1, bmi2, adx, fma, vzeroupper, clflush, clflushopt, hv, rdtscp, f16c
Processor Information for processor 0
  Max Mhz: 1992, Current Mhz: 1792, Mhz Limit: 1792
Processor Information for processor 1
  Max Mhz: 1992, Current Mhz: 1792, Mhz Limit: 1792
Processor Information for processor 2
  Max Mhz: 1992, Current Mhz: 1792, Mhz Limit: 1792
Processor Information for processor 3
  Max Mhz: 1992, Current Mhz: 1792, Mhz Limit: 1792
Processor Information for processor 4
  Max Mhz: 1992, Current Mhz: 1792, Mhz Limit: 1792
Processor Information for processor 5
  Max Mhz: 1992, Current Mhz: 1494, Mhz Limit: 1792
Processor Information for processor 6
  Max Mhz: 1992, Current Mhz: 1792, Mhz Limit: 1792
Processor Information for processor 7
  Max Mhz: 1992, Current Mhz: 1792, Mhz Limit: 1792

Memory: 4k page, system-wide physical 16198M (5392M free)
TotalPageFile size 17222M (AvailPageFile size 5571M)
current process WorkingSet (physical memory assigned to process): 259M, peak: 269M
current process commit charge ("private bytes"): 296M, peak: 401M

vm_info: OpenJDK 64-Bit Server VM (21.0.10+-14961533-b1163.108) for windows-amd64 JRE (21.0.10+-14961533-b1163.108), built on 2026-03-02T19:58:50Z by "builder" with MS VC++ 16.10 / 16.11 (VS2019)

END.
